python : ..X:\Github\WalkAssistant\config.py:72: ResourceWarning: unclosed file <_io.TextIOWrapper name='C:\\Users\\anton\\AppData\\Local\\Temp\\tmpr45ag9d9.yaml' mode='r' encoding='cp1252'>
At line:1 char:1
+ python -m unittest discover tests > test_output.txt 2>&1; type test_o ...
+ ~~~~~~~~~~~~~~~~~~~~~~~~~~~~~~~~~~~~~~~~~~~~~~~~~~~~~~~~
    + CategoryInfo          : NotSpecified: (..X:\Github\Wal...oding='cp1252'>:String) [], RemoteException
    + FullyQualifiedErrorId : NativeCommandError
 
  loaded_config = yaml.safe_load(open(config_file_path))
ResourceWarning: Enable tracemalloc to get the object allocation traceback
Config file is invalid, using default config
.X:\Github\WalkAssistant\config.py:72: ResourceWarning: unclosed file <_io.TextIOWrapper name='C:\\Users\\anton\\AppData\\Local\\Temp\\tmpeiwdqj4t.yaml' mode='r' encoding='cp1252'>
  loaded_config = yaml.safe_load(open(config_file_path))
ResourceWarning: Enable tracemalloc to get the object allocation traceback
Config file is invalid, using default config
X:\Github\WalkAssistant\config.py:111: ResourceWarning: unclosed file <_io.TextIOWrapper name='C:\\Users\\anton\\AppData\\Local\\Temp\\tmpeiwdqj4t.yaml' mode='w' encoding='cp1252'>
  yaml.safe_dump(
ResourceWarning: Enable tracemalloc to get the object allocation traceback
.X:\Github\WalkAssistant\config.py:72: ResourceWarning: unclosed file <_io.TextIOWrapper name='C:\\Users\\anton\\AppData\\Local\\Temp\\tmp30i45_iv.yaml' mode='r' encoding='cp1252'>
  loaded_config = yaml.safe_load(open(config_file_path))
ResourceWarning: Enable tracemalloc to get the object allocation traceback
Config file is invalid, using default config
X:\Github\WalkAssistant\config.py:111: ResourceWarning: unclosed file <_io.TextIOWrapper name='C:\\Users\\anton\\AppData\\Local\\Temp\\tmp30i45_iv.yaml' mode='w' encoding='cp1252'>
  yaml.safe_dump(
ResourceWarning: Enable tracemalloc to get the object allocation traceback
......
----------------------------------------------------------------------
Ran 10 tests in 0.013s

OK
